// Jest Snapshot v1, https://goo.gl/fbAQLP

exports[`<Builder /> Builder component renders correctly 1`] = `"<div class=\\"keen-theme-builder\\"><section class=\\"builder__config\\"><h2 class=\\"builder__header\\">Chart type</h2><label>Available chart types</label><div class=\\"chart-types css-2b097c-container\\"><div class=\\" css-yk16xz-control\\"><div class=\\" css-1hwfws3\\"><div class=\\" css-1uccc91-singleValue\\">Default</div><div class=\\"css-1g6gooi\\"><div class=\\"\\" style=\\"display:inline-block\\"><input type=\\"text\\" autoCapitalize=\\"none\\" autoComplete=\\"off\\" autoCorrect=\\"off\\" id=\\"react-select-2-input\\" spellcheck=\\"false\\" tabindex=\\"0\\" value=\\"\\" aria-autocomplete=\\"list\\" style=\\"box-sizing:content-box;width:1px;label:input;background:0;border:0;font-size:inherit;opacity:1;outline:0;padding:0;color:inherit\\"/><div style=\\"position:absolute;top:0;left:0;visibility:hidden;height:0;overflow:scroll;white-space:pre\\"></div></div></div></div><div class=\\" css-1wy0on6\\"><span class=\\" css-1okebmr-indicatorSeparator\\"></span><div aria-hidden=\\"true\\" class=\\" css-tlfecz-indicatorContainer\\"><svg height=\\"20\\" width=\\"20\\" viewBox=\\"0 0 20 20\\" aria-hidden=\\"true\\" focusable=\\"false\\" class=\\"css-19bqh2r\\"><path d=\\"M4.516 7.548c0.436-0.446 1.043-0.481 1.576 0l3.908 3.747 3.908-3.747c0.533-0.481 1.141-0.446 1.574 0 0.436 0.445 0.408 1.197 0 1.615-0.406 0.418-4.695 4.502-4.695 4.502-0.217 0.223-0.502 0.335-0.787 0.335s-0.57-0.112-0.789-0.335c0 0-4.287-4.084-4.695-4.502s-0.436-1.17 0-1.615z\\"></path></svg></div></div></div></div><h2 class=\\"builder__header\\">Font</h2><div class=\\"chart-fonts css-2b097c-container\\"><div class=\\" css-yk16xz-control\\"><div class=\\" css-1hwfws3\\"><div class=\\" css-1uccc91-singleValue\\">Default</div><div class=\\"css-1g6gooi\\"><div class=\\"\\" style=\\"display:inline-block\\"><input type=\\"text\\" autoCapitalize=\\"none\\" autoComplete=\\"off\\" autoCorrect=\\"off\\" id=\\"react-select-3-input\\" spellcheck=\\"false\\" tabindex=\\"0\\" value=\\"\\" aria-autocomplete=\\"list\\" style=\\"box-sizing:content-box;width:1px;label:input;background:0;border:0;font-size:inherit;opacity:1;outline:0;padding:0;color:inherit\\"/><div style=\\"position:absolute;top:0;left:0;visibility:hidden;height:0;overflow:scroll;white-space:pre\\"></div></div></div></div><div class=\\" css-1wy0on6\\"><span class=\\" css-1okebmr-indicatorSeparator\\"></span><div aria-hidden=\\"true\\" class=\\" css-tlfecz-indicatorContainer\\"><svg height=\\"20\\" width=\\"20\\" viewBox=\\"0 0 20 20\\" aria-hidden=\\"true\\" focusable=\\"false\\" class=\\"css-19bqh2r\\"><path d=\\"M4.516 7.548c0.436-0.446 1.043-0.481 1.576 0l3.908 3.747 3.908-3.747c0.533-0.481 1.141-0.446 1.574 0 0.436 0.445 0.408 1.197 0 1.615-0.406 0.418-4.695 4.502-4.695 4.502-0.217 0.223-0.502 0.335-0.787 0.335s-0.57-0.112-0.789-0.335c0 0-4.287-4.084-4.695-4.502s-0.436-1.17 0-1.615z\\"></path></svg></div></div></div></div><div class=\\"button-group\\"><label class=\\"button-group__label false\\"><svg aria-hidden=\\"true\\" focusable=\\"false\\" data-prefix=\\"fas\\" data-icon=\\"bold\\" class=\\"svg-inline--fa fa-bold fa-w-12 \\" role=\\"img\\" xmlns=\\"http://www.w3.org/2000/svg\\" viewBox=\\"0 0 384 512\\"><path fill=\\"currentColor\\" d=\\"M333.49 238a122 122 0 0 0 27-65.21C367.87 96.49 308 32 233.42 32H34a16 16 0 0 0-16 16v48a16 16 0 0 0 16 16h31.87v288H34a16 16 0 0 0-16 16v48a16 16 0 0 0 16 16h209.32c70.8 0 134.14-51.75 141-122.4 4.74-48.45-16.39-92.06-50.83-119.6zM145.66 112h87.76a48 48 0 0 1 0 96h-87.76zm87.76 288h-87.76V288h87.76a56 56 0 0 1 0 112z\\"></path></svg><input type=\\"checkbox\\" value=\\"bold\\" class=\\"button-group__input\\"/></label><label class=\\"button-group__label false\\"><svg aria-hidden=\\"true\\" focusable=\\"false\\" data-prefix=\\"fas\\" data-icon=\\"italic\\" class=\\"svg-inline--fa fa-italic fa-w-10 \\" role=\\"img\\" xmlns=\\"http://www.w3.org/2000/svg\\" viewBox=\\"0 0 320 512\\"><path fill=\\"currentColor\\" d=\\"M320 48v32a16 16 0 0 1-16 16h-62.76l-80 320H208a16 16 0 0 1 16 16v32a16 16 0 0 1-16 16H16a16 16 0 0 1-16-16v-32a16 16 0 0 1 16-16h62.76l80-320H112a16 16 0 0 1-16-16V48a16 16 0 0 1 16-16h192a16 16 0 0 1 16 16z\\"></path></svg><input type=\\"checkbox\\" value=\\"italic\\" class=\\"button-group__input\\"/></label></div><div class=\\"button-group\\"><label class=\\"button-group__label active\\"><svg aria-hidden=\\"true\\" focusable=\\"false\\" data-prefix=\\"fas\\" data-icon=\\"align-left\\" class=\\"svg-inline--fa fa-align-left fa-w-14 \\" role=\\"img\\" xmlns=\\"http://www.w3.org/2000/svg\\" viewBox=\\"0 0 448 512\\"><path fill=\\"currentColor\\" d=\\"M12.83 352h262.34A12.82 12.82 0 0 0 288 339.17v-38.34A12.82 12.82 0 0 0 275.17 288H12.83A12.82 12.82 0 0 0 0 300.83v38.34A12.82 12.82 0 0 0 12.83 352zm0-256h262.34A12.82 12.82 0 0 0 288 83.17V44.83A12.82 12.82 0 0 0 275.17 32H12.83A12.82 12.82 0 0 0 0 44.83v38.34A12.82 12.82 0 0 0 12.83 96zM432 160H16a16 16 0 0 0-16 16v32a16 16 0 0 0 16 16h416a16 16 0 0 0 16-16v-32a16 16 0 0 0-16-16zm0 256H16a16 16 0 0 0-16 16v32a16 16 0 0 0 16 16h416a16 16 0 0 0 16-16v-32a16 16 0 0 0-16-16z\\"></path></svg><input type=\\"radio\\" value=\\"left\\" checked=\\"\\" name=\\"textAlignment\\" class=\\"button-group__input\\"/></label><label class=\\"button-group__label false\\"><svg aria-hidden=\\"true\\" focusable=\\"false\\" data-prefix=\\"fas\\" data-icon=\\"align-center\\" class=\\"svg-inline--fa fa-align-center fa-w-14 \\" role=\\"img\\" xmlns=\\"http://www.w3.org/2000/svg\\" viewBox=\\"0 0 448 512\\"><path fill=\\"currentColor\\" d=\\"M432 160H16a16 16 0 0 0-16 16v32a16 16 0 0 0 16 16h416a16 16 0 0 0 16-16v-32a16 16 0 0 0-16-16zm0 256H16a16 16 0 0 0-16 16v32a16 16 0 0 0 16 16h416a16 16 0 0 0 16-16v-32a16 16 0 0 0-16-16zM108.1 96h231.81A12.09 12.09 0 0 0 352 83.9V44.09A12.09 12.09 0 0 0 339.91 32H108.1A12.09 12.09 0 0 0 96 44.09V83.9A12.1 12.1 0 0 0 108.1 96zm231.81 256A12.09 12.09 0 0 0 352 339.9v-39.81A12.09 12.09 0 0 0 339.91 288H108.1A12.09 12.09 0 0 0 96 300.09v39.81a12.1 12.1 0 0 0 12.1 12.1z\\"></path></svg><input type=\\"radio\\" value=\\"center\\" name=\\"textAlignment\\" class=\\"button-group__input\\"/></label><label class=\\"button-group__label false\\"><svg aria-hidden=\\"true\\" focusable=\\"false\\" data-prefix=\\"fas\\" data-icon=\\"align-right\\" class=\\"svg-inline--fa fa-align-right fa-w-14 \\" role=\\"img\\" xmlns=\\"http://www.w3.org/2000/svg\\" viewBox=\\"0 0 448 512\\"><path fill=\\"currentColor\\" d=\\"M16 224h416a16 16 0 0 0 16-16v-32a16 16 0 0 0-16-16H16a16 16 0 0 0-16 16v32a16 16 0 0 0 16 16zm416 192H16a16 16 0 0 0-16 16v32a16 16 0 0 0 16 16h416a16 16 0 0 0 16-16v-32a16 16 0 0 0-16-16zm3.17-384H172.83A12.82 12.82 0 0 0 160 44.83v38.34A12.82 12.82 0 0 0 172.83 96h262.34A12.82 12.82 0 0 0 448 83.17V44.83A12.82 12.82 0 0 0 435.17 32zm0 256H172.83A12.82 12.82 0 0 0 160 300.83v38.34A12.82 12.82 0 0 0 172.83 352h262.34A12.82 12.82 0 0 0 448 339.17v-38.34A12.82 12.82 0 0 0 435.17 288z\\"></path></svg><input type=\\"radio\\" value=\\"right\\" name=\\"textAlignment\\" class=\\"button-group__input\\"/></label></div><h2 class=\\"builder__header\\">Custom colors</h2><div class=\\"custom-color-picker\\"><div class=\\"custom-color-picker__title\\">Title</div><div class=\\"custom-color-picker__wrapper\\"><div class=\\"custom-color-picker__swatch\\"><div class=\\"custom-color-picker__color\\" style=\\"background:#000000\\"></div></div><div style=\\"position:relative\\"><input style=\\"border:none;outline:none;font-size:14px\\" value=\\"#000000\\" spellcheck=\\"false\\"/><span style=\\"display:none\\">hex</span></div></div></div><div class=\\"custom-color-picker\\"><div class=\\"custom-color-picker__title\\">Legend</div><div class=\\"custom-color-picker__wrapper\\"><div class=\\"custom-color-picker__swatch\\"><div class=\\"custom-color-picker__color\\" style=\\"background:#000000\\"></div></div><div style=\\"position:relative\\"><input style=\\"border:none;outline:none;font-size:14px\\" value=\\"#000000\\" spellcheck=\\"false\\"/><span style=\\"display:none\\">hex</span></div></div></div><div class=\\"custom-color-picker\\"><div class=\\"custom-color-picker__title\\">Label</div><div class=\\"custom-color-picker__wrapper\\"><div class=\\"custom-color-picker__swatch\\"><div class=\\"custom-color-picker__color\\" style=\\"background:#000000\\"></div></div><div style=\\"position:relative\\"><input style=\\"border:none;outline:none;font-size:14px\\" value=\\"#000000\\" spellcheck=\\"false\\"/><span style=\\"display:none\\">hex</span></div></div></div><div class=\\"custom-color-picker\\"><div class=\\"custom-color-picker__title\\">Chart text</div><div class=\\"custom-color-picker__wrapper\\"><div class=\\"custom-color-picker__swatch\\"><div class=\\"custom-color-picker__color\\" style=\\"background:#000000\\"></div></div><div style=\\"position:relative\\"><input style=\\"border:none;outline:none;font-size:14px\\" value=\\"#000000\\" spellcheck=\\"false\\"/><span style=\\"display:none\\">hex</span></div></div></div><div class=\\"custom-color-picker\\"><div class=\\"custom-color-picker__title\\">Axis text</div><div class=\\"custom-color-picker__wrapper\\"><div class=\\"custom-color-picker__swatch\\"><div class=\\"custom-color-picker__color\\" style=\\"background:#000000\\"></div></div><div style=\\"position:relative\\"><input style=\\"border:none;outline:none;font-size:14px\\" value=\\"#000000\\" spellcheck=\\"false\\"/><span style=\\"display:none\\">hex</span></div></div></div><div class=\\"custom-color-picker\\"><div class=\\"custom-color-picker__title\\">Tooltip text</div><div class=\\"custom-color-picker__wrapper\\"><div class=\\"custom-color-picker__swatch\\"><div class=\\"custom-color-picker__color\\" style=\\"background:#000000\\"></div></div><div style=\\"position:relative\\"><input style=\\"border:none;outline:none;font-size:14px\\" value=\\"#000000\\" spellcheck=\\"false\\"/><span style=\\"display:none\\">hex</span></div></div></div><div class=\\"custom-color-picker\\"><div class=\\"custom-color-picker__title\\">Grid line</div><div class=\\"custom-color-picker__wrapper\\"><div class=\\"custom-color-picker__swatch\\"><div class=\\"custom-color-picker__color\\" style=\\"background:#000000\\"></div></div><div style=\\"position:relative\\"><input style=\\"border:none;outline:none;font-size:14px\\" value=\\"#000000\\" spellcheck=\\"false\\"/><span style=\\"display:none\\">hex</span></div></div></div><h2 class=\\"builder__header\\">Chart colors palette</h2><label>Predefined color palette</label><div class=\\"predefined-palette css-2b097c-container\\"><div class=\\" css-yk16xz-control\\"><div class=\\" css-1hwfws3\\"><div class=\\" css-1uccc91-singleValue\\">Default</div><div class=\\"css-1g6gooi\\"><div class=\\"\\" style=\\"display:inline-block\\"><input type=\\"text\\" autoCapitalize=\\"none\\" autoComplete=\\"off\\" autoCorrect=\\"off\\" id=\\"react-select-4-input\\" spellcheck=\\"false\\" tabindex=\\"0\\" value=\\"\\" aria-autocomplete=\\"list\\" style=\\"box-sizing:content-box;width:1px;label:input;background:0;border:0;font-size:inherit;opacity:1;outline:0;padding:0;color:inherit\\"/><div style=\\"position:absolute;top:0;left:0;visibility:hidden;height:0;overflow:scroll;white-space:pre\\"></div></div></div></div><div class=\\" css-1wy0on6\\"><span class=\\" css-1okebmr-indicatorSeparator\\"></span><div aria-hidden=\\"true\\" class=\\" css-tlfecz-indicatorContainer\\"><svg height=\\"20\\" width=\\"20\\" viewBox=\\"0 0 20 20\\" aria-hidden=\\"true\\" focusable=\\"false\\" class=\\"css-19bqh2r\\"><path d=\\"M4.516 7.548c0.436-0.446 1.043-0.481 1.576 0l3.908 3.747 3.908-3.747c0.533-0.481 1.141-0.446 1.574 0 0.436 0.445 0.408 1.197 0 1.615-0.406 0.418-4.695 4.502-4.695 4.502-0.217 0.223-0.502 0.335-0.787 0.335s-0.57-0.112-0.789-0.335c0 0-4.287-4.084-4.695-4.502s-0.436-1.17 0-1.615z\\"></path></svg></div></div></div></div><div class=\\"color-palette__list\\"><button class=\\"color-palette__button btn-list btn\\" type=\\"button\\">Add</button></div></section><div class=\\"jsx-4097032988 builder__mockup\\"><h2 class=\\"jsx-4097032988 builder__header\\">Preview</h2><div class=\\"react-tabs\\" data-tabs=\\"true\\"><ul class=\\"react-tabs__tab-list\\" role=\\"tablist\\"><li class=\\"react-tabs__tab react-tabs__tab--selected\\" role=\\"tab\\" id=\\"react-tabs-0\\" aria-selected=\\"true\\" aria-disabled=\\"false\\" aria-controls=\\"react-tabs-1\\" tabindex=\\"0\\">Chart</li><li class=\\"react-tabs__tab\\" role=\\"tab\\" id=\\"react-tabs-2\\" aria-selected=\\"false\\" aria-disabled=\\"false\\" aria-controls=\\"react-tabs-3\\">CSS</li><li class=\\"react-tabs__tab\\" role=\\"tab\\" id=\\"react-tabs-4\\" aria-selected=\\"false\\" aria-disabled=\\"false\\" aria-controls=\\"react-tabs-5\\">Javascript</li></ul><div class=\\"react-tabs__tab-panel react-tabs__tab-panel--selected\\" role=\\"tabpanel\\" id=\\"react-tabs-1\\" aria-labelledby=\\"react-tabs-0\\"><div class=\\"builder__default-charts\\"><div class=\\"keen-dataviz\\"></div><div class=\\"keen-dataviz\\"></div><div class=\\"keen-dataviz\\"></div><div class=\\"keen-dataviz\\"></div></div></div><div class=\\"react-tabs__tab-panel\\" role=\\"tabpanel\\" id=\\"react-tabs-3\\" aria-labelledby=\\"react-tabs-2\\"></div><div class=\\"react-tabs__tab-panel\\" role=\\"tabpanel\\" id=\\"react-tabs-5\\" aria-labelledby=\\"react-tabs-4\\"></div></div></div></div>"`;
