// Jest Snapshot v1, https://goo.gl/fbAQLP

exports[`<List /> List component renders correctly 1`] = `"<div class=\\"color-palette\\"><div class=\\"color-palette__list\\"></div><button class=\\"btn-list btn\\" type=\\"button\\">Add</button></div>"`;
